// Jest Snapshot v1, https://goo.gl/fbAQLP

exports[`[ts] else with function children 1`] = `<span />`;

exports[`[ts] else with multiple children 1`] = `<div />`;

exports[`[ts] if and else when matched 1`] = `<div />`;

exports[`[ts] if and else when not matched 1`] = `<span />`;

exports[`[ts] if and else when not matched with function children 1`] = `<span />`;

exports[`[ts] if and else with multiple children matched 1`] = `
Array [
  <ul />,
  <ol />,
]
`;

exports[`[ts] match with function children 1`] = `<div />`;

exports[`[ts] match with multiple children 1`] = `
Array [
  <ul />,
  <ol />,
]
`;

exports[`[ts] multiple match 1`] = `<div />`;

exports[`[ts] multiple match when none matched 1`] = `null`;

exports[`[ts] multiple match with else matched 1`] = `<span />`;

exports[`[ts] one branch matched 1`] = `<div />`;

exports[`[ts] one branch matched with function children 1`] = `<div />`;

exports[`[ts] one branch not matched 1`] = `null`;

exports[`[ts] one branch with multiple children 1`] = `
Array [
  <ul />,
  <ol />,
]
`;
